// Jest Snapshot v1, https://goo.gl/fbAQLP

exports[`Pruebas en <Footer /> Debe hacer match con el snapshot 1`] = `
<div>
  <section
    class="footer"
    data-testid="footer"
  >
    <article
      class="footer__soundbar"
    />
    <article>
      <div
        class="footer__player"
        style="width: 640px; height: 360px;"
      />
      <button
        class="btn btn__black"
        data-testid="button"
      >
        <svg
          class=""
          height="16"
          role="img"
          viewBox="0 0 16 16"
          width="16"
        >
          <path
            d="M13 2.5L5 7.119V3H3v10h2V8.881l8 4.619z"
            fill="currentColor"
          />
        </svg>
      </button>
      <button
        class="btn btn__black"
        data-testid="button"
      >
        <svg
          class="bi bi-play"
          fill="currentColor"
          height="16"
          viewBox="0 0 16 16"
          width="16"
          xmlns="http://www.w3.org/2000/svg"
        >
           
          <path
            d="M10.804 8 5 4.633v6.734L10.804 8zm.792-.696a.802.802 0 0 1 0 1.392l-6.363 3.692C4.713 12.69 4 12.345 4 11.692V4.308c0-.653.713-.998 1.233-.696l6.363 3.692z"
          />
           
        </svg>
      </button>
      <button
        class="btn btn__black"
        data-testid="button"
      >
        <svg
          class=""
          height="16"
          role="img"
          viewBox="0 0 16 16"
          width="16"
        >
          <path
            d="M11 3v4.119L3 2.5v11l8-4.619V13h2V3z"
            fill="currentColor"
          />
        </svg>
      </button>
    </article>
  </section>
</div>
`;
